



Turbo Assembler	 Version 3.1	    07/28/11 15:34:13	    Page 1
comfile.asm



      1	0000			     code segment
      2
      3				     assume cs:code, ds:code
      4					    org	100h
      5	0100			      start:
      6
      7
      8	0100  EB 07 90			     jmp skip
      9	0103  68 65 6C 6C 6F 24		     msg db "hello$"
     10
     11	0109				skip:
     12	0109  8C C8			     mov ax,cs
     13	010B  8E D8			     mov ds,ax
     14
     15	010D  B4 09			     mov ah,09h
     16	010F  BA 0103r			     lea dx,msg
     17
     18	0112  CD 21			     int 21h
     19	0114  B4 4C			     mov ah,4ch
     20	0116  B0 00			     mov al,00h
     21	0118  CD 21			     int 21h
     22
     23	011A			      code ends
     24					     end start
Turbo Assembler	 Version 3.1	    07/28/11 15:34:13	    Page 2
Symbol Table




Symbol Name			  Type	 Value

??DATE				  Text	 "07/28/11"
??FILENAME			  Text	 "comfile "
??TIME				  Text	 "15:34:13"
??VERSION			  Number 030A
@CPU				  Text	 0101H
@CURSEG				  Text	 CODE
@FILENAME			  Text	 COMFILE
@WORDSIZE			  Text	 2
MSG				  Byte	 CODE:0103
SKP				  Near	 CODE:0109
START				  Near	 CODE:0100

Groups & Segments		  Bit Size Align  Combine Class

CODE				  16  011A Para	  none

